mode: set
github.com/formancehq/stack/tests/integration/suite/ledger-create-transaction.go:15.48,16.52 1 1
github.com/formancehq/stack/tests/integration/suite/ledger-create-transaction.go:16.52,24.21 2 1
github.com/formancehq/stack/tests/integration/suite/ledger-create-transaction.go:24.21,42.4 3 1
github.com/formancehq/stack/tests/integration/suite/ledger-create-transaction.go:43.3,43.20 1 1
github.com/formancehq/stack/tests/integration/suite/ledger-create-transaction.go:43.20,45.4 1 1
github.com/formancehq/stack/tests/integration/suite/ledger-create-transaction.go:46.3,46.54 1 1
github.com/formancehq/stack/tests/integration/suite/ledger-create-transaction.go:46.54,71.4 6 1
github.com/formancehq/stack/tests/integration/suite/ledger-create-transaction.go:72.3,72.43 1 1
github.com/formancehq/stack/tests/integration/suite/ledger-create-transaction.go:72.43,76.4 2 1
github.com/formancehq/stack/tests/integration/suite/ledger-create-transaction.go:77.3,77.96 1 1
github.com/formancehq/stack/tests/integration/suite/ledger-create-transaction.go:77.96,93.35 2 1
github.com/formancehq/stack/tests/integration/suite/ledger-create-transaction.go:93.35,102.5 5 1
github.com/formancehq/stack/tests/integration/suite/ledger-create-transaction.go:104.4,104.36 1 1
github.com/formancehq/stack/tests/integration/suite/ledger-create-transaction.go:104.36,112.5 4 1
github.com/formancehq/stack/tests/integration/suite/ledger-create-transaction.go:114.4,114.35 1 1
github.com/formancehq/stack/tests/integration/suite/ledger-create-transaction.go:114.35,131.5 5 1
github.com/formancehq/stack/tests/integration/suite/ledger-create-transaction.go:133.4,133.35 1 1
github.com/formancehq/stack/tests/integration/suite/ledger-create-transaction.go:133.35,156.5 5 1
github.com/formancehq/stack/tests/integration/suite/ledger-create-transaction.go:165.48,166.76 1 1
github.com/formancehq/stack/tests/integration/suite/ledger-create-transaction.go:166.76,167.28 1 1
github.com/formancehq/stack/tests/integration/suite/ledger-create-transaction.go:167.28,191.4 8 1
github.com/formancehq/stack/tests/integration/suite/ledger-set-metadata-on-account.go:15.48,16.55 1 1
github.com/formancehq/stack/tests/integration/suite/ledger-set-metadata-on-account.go:16.55,24.21 2 1
github.com/formancehq/stack/tests/integration/suite/ledger-set-metadata-on-account.go:24.21,33.4 3 1
github.com/formancehq/stack/tests/integration/suite/ledger-set-metadata-on-account.go:34.3,34.20 1 1
github.com/formancehq/stack/tests/integration/suite/ledger-set-metadata-on-account.go:34.20,36.4 1 1
github.com/formancehq/stack/tests/integration/suite/ledger-set-metadata-on-account.go:37.3,37.54 1 1
github.com/formancehq/stack/tests/integration/suite/ledger-set-metadata-on-account.go:37.54,48.4 3 1
github.com/formancehq/stack/tests/integration/suite/ledger-set-metadata-on-account.go:49.3,49.43 1 1
github.com/formancehq/stack/tests/integration/suite/ledger-set-metadata-on-account.go:49.43,52.4 2 1
github.com/formancehq/stack/tests/integration/suite/ledger-set-metadata-on-account.go:53.3,53.82 1 1
github.com/formancehq/stack/tests/integration/suite/ledger-set-metadata-on-account.go:53.82,54.35 1 1
github.com/formancehq/stack/tests/integration/suite/ledger-set-metadata-on-account.go:54.35,67.5 5 1
github.com/formancehq/stack/tests/integration/suite/ledger-set-metadata-on-transaction.go:12.48,13.52 1 1
github.com/formancehq/stack/tests/integration/suite/ledger-set-metadata-on-transaction.go:13.52,19.21 2 1
github.com/formancehq/stack/tests/integration/suite/ledger-set-metadata-on-transaction.go:19.21,40.4 4 1
github.com/formancehq/stack/tests/integration/suite/ledger-set-metadata-on-transaction.go:41.3,41.36 1 1
github.com/formancehq/stack/tests/integration/suite/ledger-set-metadata-on-transaction.go:41.36,47.22 2 1
github.com/formancehq/stack/tests/integration/suite/ledger-set-metadata-on-transaction.go:47.22,53.5 2 1
github.com/formancehq/stack/tests/integration/suite/ledger-set-metadata-on-transaction.go:54.4,54.55 1 1
github.com/formancehq/stack/tests/integration/suite/ledger-set-metadata-on-transaction.go:54.55,61.5 3 1
github.com/formancehq/stack/tests/integration/suite/payments-connectors-dummy-pay.go:18.48,19.49 1 1
github.com/formancehq/stack/tests/integration/suite/payments-connectors-dummy-pay.go:19.49,24.21 2 1
github.com/formancehq/stack/tests/integration/suite/payments-connectors-dummy-pay.go:24.21,40.4 5 1
github.com/formancehq/stack/tests/integration/suite/payments-connectors-dummy-pay.go:41.3,41.20 1 1
github.com/formancehq/stack/tests/integration/suite/payments-connectors-dummy-pay.go:41.20,43.4 1 1
github.com/formancehq/stack/tests/integration/suite/payments-connectors-dummy-pay.go:44.3,44.43 1 1
github.com/formancehq/stack/tests/integration/suite/payments-connectors-dummy-pay.go:44.43,47.4 2 1
github.com/formancehq/stack/tests/integration/suite/payments-connectors-dummy-pay.go:48.3,48.46 1 1
github.com/formancehq/stack/tests/integration/suite/payments-connectors-dummy-pay.go:48.46,49.49 1 1
github.com/formancehq/stack/tests/integration/suite/payments-connectors-dummy-pay.go:49.49,55.5 3 1
github.com/formancehq/stack/tests/integration/suite/payments-connectors-reset.go:19.67,25.20 2 1
github.com/formancehq/stack/tests/integration/suite/payments-connectors-reset.go:25.20,42.34 6 1
github.com/formancehq/stack/tests/integration/suite/payments-connectors-reset.go:42.34,50.38 3 1
github.com/formancehq/stack/tests/integration/suite/payments-connectors-reset.go:50.38,52.5 1 1
github.com/formancehq/stack/tests/integration/suite/payments-connectors-reset.go:53.4,54.15 2 1
github.com/formancehq/stack/tests/integration/suite/payments-connectors-reset.go:57.2,57.19 1 1
github.com/formancehq/stack/tests/integration/suite/payments-connectors-reset.go:57.19,59.3 1 1
github.com/formancehq/stack/tests/integration/suite/payments-connectors-reset.go:60.2,60.37 1 1
github.com/formancehq/stack/tests/integration/suite/payments-connectors-reset.go:60.37,64.21 2 1
github.com/formancehq/stack/tests/integration/suite/payments-connectors-reset.go:64.21,69.4 2 1
github.com/formancehq/stack/tests/integration/suite/payments-connectors-reset.go:70.3,70.43 1 1
github.com/formancehq/stack/tests/integration/suite/payments-connectors-reset.go:70.43,72.35 2 1
github.com/formancehq/stack/tests/integration/suite/payments-connectors-reset.go:72.35,80.5 5 1
github.com/formancehq/stack/tests/integration/suite/payments-connectors-reset.go:82.4,82.101 1 1
github.com/formancehq/stack/tests/integration/suite/payments-connectors-reset.go:84.3,84.57 1 1
github.com/formancehq/stack/tests/integration/suite/payments-connectors-reset.go:84.57,85.36 1 1
github.com/formancehq/stack/tests/integration/suite/payments-connectors-reset.go:85.36,95.5 3 1
github.com/formancehq/stack/tests/integration/suite/payments-connectors-stripe.go:16.48,17.46 1 1
github.com/formancehq/stack/tests/integration/suite/payments-connectors-stripe.go:17.46,22.21 2 1
github.com/formancehq/stack/tests/integration/suite/payments-connectors-stripe.go:22.21,24.20 2 1
github.com/formancehq/stack/tests/integration/suite/payments-connectors-stripe.go:24.20,26.5 1 1
github.com/formancehq/stack/tests/integration/suite/payments-connectors-stripe.go:28.4,38.27 3 0
github.com/formancehq/stack/tests/integration/suite/payments-connectors-stripe.go:40.3,40.20 1 1
github.com/formancehq/stack/tests/integration/suite/payments-connectors-stripe.go:40.20,42.4 1 1
github.com/formancehq/stack/tests/integration/suite/payments-connectors-stripe.go:43.3,43.43 1 1
github.com/formancehq/stack/tests/integration/suite/payments-connectors-stripe.go:43.43,46.4 2 0
github.com/formancehq/stack/tests/integration/suite/payments-connectors-stripe.go:47.3,47.46 1 1
github.com/formancehq/stack/tests/integration/suite/payments-connectors-stripe.go:47.46,48.49 1 0
github.com/formancehq/stack/tests/integration/suite/payments-connectors-stripe.go:48.49,54.5 3 0
github.com/formancehq/stack/tests/integration/suite/payments-connectors-stripe.go:56.3,56.45 1 1
github.com/formancehq/stack/tests/integration/suite/payments-connectors-stripe.go:56.45,57.35 1 0
github.com/formancehq/stack/tests/integration/suite/payments-connectors-stripe.go:57.35,65.5 4 0
github.com/formancehq/stack/tests/integration/suite/wallets-create.go:11.48,12.39 1 1
github.com/formancehq/stack/tests/integration/suite/wallets-create.go:12.39,13.21 1 1
github.com/formancehq/stack/tests/integration/suite/wallets-create.go:13.21,21.4 2 1
github.com/formancehq/stack/tests/integration/suite/wallets-create.go:22.3,22.29 1 1
github.com/formancehq/stack/tests/integration/suite/wallets-create.go:22.29,23.48 1 1
github.com/formancehq/stack/tests/integration/suite/wallets-create.go:23.48,29.5 3 1
